Windows PowerShell
Copyright (C) Microsoft Corporation. All rights reserved.

Install the latest PowerShell for new features and improvements! https://aka.ms/PSWindows

PS C:\Users\dsfer\Documents\job_project\database> code .
PS C:\Users\dsfer\Documents\job_project\database>
PS C:\Users\dsfer\Documents\job_project\database> sqlite3
SQLite version 3.46.0 2024-05-23 13:25:27 (UTF-16 console I/O)
Enter ".help" for usage hints.
Connected to a transient in-memory database.
Use ".open FILENAME" to reopen on a persistent database.
sqlite> ATTACH DATABASE .'company.db'
   ...> ;
Parse error: near ".": syntax error
  ATTACH DATABASE .'company.db' ;
                  ^--- error here
sqlite> ATTACH DATABASE.'company.db'
   ...> ;
Parse error: near ".": syntax error
  ATTACH DATABASE.'company.db' ;
                 ^--- error here
sqlite> ATTACH DATABASE 'company.db'
   ...> ;
Parse error: near ";": syntax error
  ATTACH DATABASE 'company.db' ;
                 error here ---^
sqlite> ATTACH DATABASE 'company.db';
Parse error: near ";": syntax error
  ATTACH DATABASE 'company.db';
                error here ---^
sqlite> ATTACH DATABASE 'company.db' AS 'company';
sqlite> .database
main: "" r/w
company: C:\Users\dsfer\Documents\job_project\database\company.db r/w
sqlite> .tables
company.employees
sqlite> select * from employees;
1|Rukman|38|Negombo|0784938992
sqlite> .exit
PS C:\Users\dsfer\Documents\job_project\database> sqlite3
SQLite version 3.46.0 2024-05-23 13:25:27 (UTF-16 console I/O)
Enter ".help" for usage hints.
Connected to a transient in-memory database.
Use ".open FILENAME" to reopen on a persistent database.
sqlite> .database
main: "" r/w
sqlite> attach database 'company.bd' AS'compnay.db'
   ...> ;
sqlite> .databse
Error: unknown command or invalid arguments:  "databse". Enter ".help" for help
sqlite> .databases
main: "" r/w
compnay.db: C:\Users\dsfer\Documents\job_project\database\company.bd r/w
sqlite> .schema employees
sqlite> .tables
sqlite> UNATTACH DATABASE 'company.db'
   ...> ;
Parse error: near "UNATTACH": syntax error
  UNATTACH DATABASE 'company.db' ;
  ^--- error here
sqlite> DEATTACH DATABASE 'company.db'
   ...> ;
Parse error: near "DEATTACH": syntax error
  DEATTACH DATABASE 'company.db' ;
  ^--- error here
sqlite> DETACH DATABASE 'company.db';
Runtime error: no such database: company.db
sqlite>
sqlite> .exit
PS C:\Users\dsfer\Documents\job_project\database> sqlite3 company.db
SQLite version 3.46.0 2024-05-23 13:25:27 (UTF-16 console I/O)
Enter ".help" for usage hints.
sqlite> .database
main: C:\Users\dsfer\Documents\job_project\database\company.db r/w
sqlite> .tables
sqlite> CREATE TABEL employee(id INTEGER PRIMARY KEY, first_name VARCHAR(100), last_name VARCHAR(100), dob VARCHAR(10), address VARCHAR(255), telephone VARCHAR(10));
Parse error: near "TABEL": syntax error
  CREATE TABEL employee(id INTEGER PRIMARY KEY, first_name VARCHAR(100), last_na
         ^--- error here
sqlite> CREATE TABLE employee(id INTEGER PRIMARY KEY, first_name VARCHAR(100), last_name VARCHAR(100), dob VARCHAR(10),
address VARCHAR(255), telephone VARCHAR(10));
PS C:\Users\dsfer\Documents\job_project\database> sqlite3 company.db
SQLite version 3.46.0 2024-05-23 13:25:27 (UTF-16 console I/O)
Enter ".help" for usage hints.
sqlite> .database
main: C:\Users\dsfer\Documents\job_project\database\company.db r/w
sqlite> .tables
sqlite> CREATE TABEL employee(id INTEGER PRIMARY KEY, first_name VARCHAR(100), last_name VARCHAR(100), dob VARCHAR(10), address VARCHAR(255), telephone VARCHAR(10));
Parse error: near "TABEL": syntax error
  CREATE TABEL employee(id INTEGER PRIMARY KEY, first_name VARCHAR(100), last_na
         ^--- error here
sqlite> CREATE TABLE employee(id INTEGER PRIMARY KEY, first_name VARCHAR(100), last_name VARCHAR(100), dob VARCHAR(10),
address VARCHAR(255), telephone VARCHAR(10));
sqlite> INSERT INTO employee('Rukman', 'fernando', '1986-01-28', 'Negombo','0784938992');
Parse error: near ";": syntax error
   'fernando', '1986-01-28', 'Negombo','0784938992');
                                      error here ---^
sqlite> INSERT INTO employee(first_name,last_name,dob,address,telephone) VALUES ('Rukman','Fernando','1986-01-28,'Negombo','0784938992');
'  ...> ;
'  ...>
'  ...> Program interrupted.
PS C:\Users\dsfer\Documents\job_project\database> ^C
PS C:\Users\dsfer\Documents\job_project\database> sqlite3 company.db
SQLite version 3.46.0 2024-05-23 13:25:27 (UTF-16 console I/O)
Enter ".help" for usage hints.
sqlite> .database
main: C:\Users\dsfer\Documents\job_project\database\company.db r/w
sqlite> .tabler
Error: unknown command or invalid arguments:  "tabler". Enter ".help" for help
sqlite> .table
employee
sqlite> ALTER TABLE 'employee' TO 'employees';
Parse error: near "TO": syntax error
  ALTER TABLE 'employee' TO 'employees';
                         ^--- error here
sqlite> ALTER TABLE 'employee' RENAME TO 'employees';
Parse error: near "TO": syntax error
  ALTER TABLE 'employee' TO 'employees';
                         ^--- error here
sqlite> ALTER TABLE 'employee' RENAME TO 'employees';
sqlite> .tables
employees
sqlite> .schema employees
CREATE TABLE IF NOT EXISTS "employees"(id INTEGER PRIMARY KEY, first_name VARCHAR(100), last_name VARCHAR(100), dob VARCHAR(10), address VARCHAR(255), telephone VARCHAR(10));
sqlite> INSERT INTO employees(first_name,last_name,dob,address,telephone) VALUES('Rukman','Fernando','1986-01-28','Negom
bo','0784938992');
sqlite> INSERT INTO employees(first_name,last_name,dob,address,telephone) VALUES('Ruwan','Mahanama','1990-05-13','Colomb
o','0778954562');
sqlite> INSERT INTO employees(first_name,last_name,dob,address,telephone) VALUES('Chandranie','Rita','1982-11-08','Kandy
','0746192492');
sqlite> SELECT * FROM employees;
1|Rukman|Fernando|1986-01-28|Negombo|0784938992
2|Ruwan|Mahanama|1990-05-13|Colombo|0778954562
3|Chandranie|Rita|1982-11-08|Kandy|0746192492
sqlite>